// Jest Snapshot v1, https://goo.gl/fbAQLP

exports[`Button should have the correct structure 1`] = `
<button
  class="primary-button"
>
  Text
</button>
`;
